---
source: tests/basic.rs
expression: type_reg
---
{
    TypeId(
        0,
    ): Enum(
        Enum {
            type_id: TypeId(
                0,
            ),
            name: `Logical`:49..56,
            variants: [
                Variant {
                    ident: `High`:67..71,
                },
                Variant {
                    ident: `Low`:81..84,
                },
            ],
        },
    ),
    TypeId(
        1,
    ): Record(
        Record {
            type_id: TypeId(
                1,
            ),
            name: `MyRecord`:166..174,
            fields: [
                Field {
                    name: `a`:181..182,
                    ty: Some(
                        TypeId(
                            0,
                        ),
                    ),
                },
                Field {
                    name: `b`:197..198,
                    ty: Some(
                        TypeId(
                            0,
                        ),
                    ),
                },
            ],
        },
    ),
    TypeId(
        2,
    ): Enum(
        Enum {
            type_id: TypeId(
                2,
            ),
            name: `MyEnum`:217..223,
            variants: [
                Variant {
                    ident: `A`:230..231,
                },
                Variant {
                    ident: `B`:237..238,
                },
                Variant {
                    ident: `C`:244..245,
                },
                Variant {
                    ident: `D`:251..252,
                },
                Variant {
                    ident: `E`:258..259,
                },
            ],
        },
    ),
}
